Microchip MPLAB XC8 Compiler V2.05 ()

Linker command line:

-W-3 --edf=C:\Program Files (x86)\Microchip\xc8\v2.05\pic\dat\en_msgs.txt \
  -cs -h+dist/default/production\design_project.X.production.sym \
  --cmf=dist/default/production\design_project.X.production.cmf -z \
  -Q16F18855 -oC:\Users\DALTON~1\AppData\Local\Temp\shc8.2 \
  --defsym=__MPLAB_BUILD=1 \
  -Mdist/default/production/design_project.X.production.map -E1 -ver=XC8 \
  --acfsm=1493 -ASTACK=0203Fh-022ECh -pstack=STACK -ACODE=00h-07FFhx4 \
  -ASTRCODE=00h-01FFFh -ASTRING=00h-0FFhx32 -ACONST=00h-0FFhx32 \
  -AENTRY=00h-0FFhx32 -ACOMMON=070h-07Fh -ABANK0=020h-06Fh \
  -ABANK1=0A0h-0EFh -ABANK2=0120h-016Fh -ABANK3=01A0h-01EFh \
  -ABANK4=0220h-026Fh -ABANK5=02A0h-02EFh -ABANK6=0320h-036Fh \
  -ABANK7=03A0h-03EFh -ABANK8=0420h-046Fh -ABANK9=04A0h-04EFh \
  -ABANK10=0520h-056Fh -ABANK11=05A0h-05EFh -ABANK12=0620h-064Fh \
  -ABIGRAM=02000h-023EFh \
  -ARAM=020h-06Fh,0A0h-0EFh,0120h-016Fh,01A0h-01EFh,0220h-026Fh,02A0h-02EFh,0320h-036Fh,03A0h-03EFh,0420h-046Fh,04A0h-04EFh,0520h-056Fh,05A0h-05EFh,0620h-064Fh \
  -AABS1=020h-07Fh,0A0h-0EFh,0120h-016Fh,01A0h-01EFh,0220h-026Fh,02A0h-02EFh,0320h-036Fh,03A0h-03EFh,0420h-046Fh,04A0h-04EFh,0520h-056Fh,05A0h-05EFh,0620h-064Fh \
  -ASFR0=00h-01Fh -ASFR1=080h-09Fh -ASFR2=0100h-011Fh -ASFR3=0180h-019Fh \
  -ASFR4=0200h-021Fh -ASFR5=0280h-029Fh -ASFR6=0300h-031Fh \
  -ASFR7=0380h-039Fh -ASFR8=0400h-041Fh -ASFR9=0480h-049Fh \
  -ASFR10=0500h-051Fh -ASFR11=0580h-059Fh -ASFR12=0600h-061Fh \
  -ASFR13=0680h-06EFh -ASFR14=0700h-076Fh -ASFR15=0780h-07EFh \
  -ASFR16=0800h-086Fh -ASFR17=0880h-08EFh -ASFR18=0900h-096Fh \
  -ASFR19=0980h-09EFh -ASFR20=0A00h-0A6Fh -ASFR21=0A80h-0AEFh \
  -ASFR22=0B00h-0B6Fh -ASFR23=0B80h-0BEFh -ASFR24=0C00h-0C6Fh \
  -ASFR25=0C80h-0CEFh -ASFR26=0D00h-0D6Fh -ASFR27=0D80h-0DEFh \
  -ASFR28=0E00h-0E6Fh -ASFR29=0E80h-0EEFh -ASFR30=0F00h-0F6Fh \
  -ASFR31=0F80h-0FEFh -preset_vec=00h,intentry,init,end_init -ppowerup=CODE \
  -pcinit=CODE -pfunctab=ENTRY -ACONFIG=08007h-0800Bh -pconfig=CONFIG \
  -DCONFIG=2 -AIDLOC=08000h-08003h -pidloc=IDLOC -DIDLOC=2 \
  -AEEDATA=00h-0FFh/0F000h -peeprom_data=EEDATA -DEEDATA=2 -DCODE=2 \
  -DSTRCODE=2 -DSTRING=2 -DCONST=2 -DENTRY=2 -k \
  C:\Users\DALTON~1\AppData\Local\Temp\shc8.o \
  dist/default/production\design_project.X.production.o 

Object code version is 3.11

Machine type is 16F18855



                Name                               Link     Load   Length Selector   Space Scale
C:\Users\DALTON~1\AppData\Local\Temp\shc8.o
                end_init                              2        2        2        0       0
                reset_vec                             0        0        2        0       0
                config                             8007     8007        5    1000E       0
dist/default/production\design_project.X.production.o
                cinit                               7E2      7E2       1E      FC4       0
                text10                               5C       5C       10       B8       0
                text9                                6C       6C       16       D8       0
                text8                                3B       3B        9       76       0
                text7                                B5       B5       1F      16A       0
                text6                                33       33        8       66       0
                text5                                44       44        C       88       0
                text4                               100      100       34      200       0
                text3                                D4       D4       2C      1A8       0
                text2                                9A       9A       1B      134       0
                text1                               134      134       76      268       0
                maintext                            2AD      2AD      535      55A       0
                cstackBANK0                          20       20       27       20       1
                cstackCOMMON                         70       70        D       70       1
                inittext                             50       50        C       A0       0
                dataBANK0                            47       47       18       20       1
                idataBIGRAM                         1AA      1AA      103      354       0
                idataBANK0                           82       82       18      104       0

TOTAL           Name                               Link     Load   Length     Space
        CLASS   STACK          

        CLASS   CODE           
                end_init                              2        2        2         0
                cinit                               7E2      7E2       1E         0
                reset_vec                             0        0        2         0
                text10                               5C       5C       10         0
                text9                                6C       6C       16         0
                text8                                3B       3B        9         0
                text7                                B5       B5       1F         0
                text6                                33       33        8         0
                text5                                44       44        C         0
                text4                               100      100       34         0
                text3                                D4       D4       2C         0
                text2                                9A       9A       1B         0
                text1                               134      134       76         0
                maintext                            2AD      2AD      535         0
                inittext                             50       50        C         0
                idataBIGRAM                         1AA      1AA      103         0
                idataBANK0                           82       82       18         0

        CLASS   STRCODE        

        CLASS   STRING         

        CLASS   CONST          

        CLASS   ENTRY          

        CLASS   COMMON         
                cstackCOMMON                         70       70        D         1

        CLASS   BANK0          
                cstackBANK0                          20       20       27         1
                dataBANK0                            47       47       18         1

        CLASS   BANK1          

        CLASS   BANK2          

        CLASS   BANK3          

        CLASS   BANK4          

        CLASS   BANK5          

        CLASS   BANK6          

        CLASS   BANK7          

        CLASS   BANK8          

        CLASS   BANK9          

        CLASS   BANK10         

        CLASS   BANK11         

        CLASS   BANK12         

        CLASS   BIGRAM         

        CLASS   RAM            

        CLASS   ABS1           
                abs_s1                               7E       7E        2         1
                abs_s1                              4BD      4BD       33         1
                abs_s1                              520      520       50         1
                abs_s1                              5A0      5A0       50         1
                abs_s1                              620      620       30         1
                abs_s1                             22ED     22ED        0         1

        CLASS   SFR0           

        CLASS   SFR1           

        CLASS   SFR2           

        CLASS   SFR3           

        CLASS   SFR4           

        CLASS   SFR5           

        CLASS   SFR6           

        CLASS   SFR7           

        CLASS   SFR8           

        CLASS   SFR9           

        CLASS   SFR10          

        CLASS   SFR11          

        CLASS   SFR12          

        CLASS   SFR13          

        CLASS   SFR14          

        CLASS   SFR15          

        CLASS   SFR16          

        CLASS   SFR17          

        CLASS   SFR18          

        CLASS   SFR19          

        CLASS   SFR20          

        CLASS   SFR21          

        CLASS   SFR22          

        CLASS   SFR23          

        CLASS   SFR24          

        CLASS   SFR25          

        CLASS   SFR26          

        CLASS   SFR27          

        CLASS   SFR28          

        CLASS   SFR29          

        CLASS   SFR30          

        CLASS   SFR31          

        CLASS   CONFIG         
                config                             8007     8007        5         0

        CLASS   IDLOC          

        CLASS   EEDATA         

        CLASS   BANK31         

        CLASS   BANK30         

        CLASS   BANK29         

        CLASS   BANK28         

        CLASS   BANK27         

        CLASS   BANK26         

        CLASS   BANK25         

        CLASS   BANK24         

        CLASS   BANK23         

        CLASS   BANK22         

        CLASS   BANK21         

        CLASS   BANK20         

        CLASS   BANK19         

        CLASS   BANK18         

        CLASS   BANK17         

        CLASS   BANK16         

        CLASS   BANK15         

        CLASS   BANK14         

        CLASS   BANK13         



SEGMENTS        Name                           Load    Length   Top    Selector   Space  Class     Delta

                reset_vec                      000000  000004  000004         0       0  CODE        2
                cstackBANK0                    000020  00003F  00005F        20       1  BANK0       1
                text6                          000033  000008  00003B        66       0  CODE        2
                cstackCOMMON                   000070  00000D  00007D        70       1  COMMON      1
                text8                          00003B  000009  000044        76       0  CODE        2
                text5                          000044  00000C  000050        88       0  CODE        2
                inittext                       000050  00000C  00005C        A0       0  CODE        2
                text10                         00005C  000010  00006C        B8       0  CODE        2
                text9                          00006C  000016  000082        D8       0  CODE        2
                idataBANK0                     000082  000018  00009A       104       0  CODE        2
                text2                          00009A  00001B  0000B5       134       0  CODE        2
                text7                          0000B5  00001F  0000D4       16A       0  CODE        2
                text3                          0000D4  00002C  000100       1A8       0  CODE        2
                text4                          000100  000034  000134       200       0  CODE        2
                text1                          000134  000076  0001AA       268       0  CODE        2
                idataBIGRAM                    0001AA  000103  0002AD       354       0  CODE        2
                maintext                       0002AD  000535  0007E2       55A       0  CODE        2
                cinit                          0007E2  00001E  000800       FC4       0  CODE        2
                config                         008007  000005  00800C     1000E       0  CONFIG      2


UNUSED ADDRESS RANGES

        Name                Unused          Largest block    Delta
        BANK0            0005F-0006F              11           1
        BANK1            000A0-000EF              50           1
        BANK2            00120-0016F              50           1
        BANK3            001A0-001EF              50           1
        BANK4            00220-0026F              50           1
        BANK5            002A0-002EF              50           1
        BANK6            00320-0036F              50           1
        BANK7            003A0-003EF              50           1
        BANK8            00420-0046F              50           1
        BANK9            004A0-004BC              1D           1
        BIGRAM           02000-023EF             3F0           1
        CODE             00004-00032              2F           2
                         00800-01FFF             800
        COMMON           0007D-0007D               1           1
        CONST            00004-00032              2F           2
                         00800-01FFF             100
        EEDATA           0F000-0F0FF             100           2
        ENTRY            00004-00032              2F           2
                         00800-01FFF             100
        IDLOC            08000-08003               4           2
        RAM              0005F-0006F              11           1
                         000A0-000EF              50
                         00120-0016F              50
                         001A0-001EF              50
                         00220-0026F              50
                         002A0-002EF              50
                         00320-0036F              50
                         003A0-003EF              50
                         00420-0046F              50
                         004A0-004BC              1D
        SFR0             00000-0001F              20           1
        SFR1             00080-0009F              20           1
        SFR10            00500-0051F              20           1
        SFR11            00580-0059F              20           1
        SFR12            00600-0061F              20           1
        SFR13            00680-006EF              70           1
        SFR14            00700-0076F              70           1
        SFR15            00780-007EF              70           1
        SFR16            00800-0086F              70           1
        SFR17            00880-008EF              70           1
        SFR18            00900-0096F              70           1
        SFR19            00980-009EF              70           1
        SFR2             00100-0011F              20           1
        SFR20            00A00-00A6F              70           1
        SFR21            00A80-00AEF              70           1
        SFR22            00B00-00B6F              70           1
        SFR23            00B80-00BEF              70           1
        SFR24            00C00-00C6F              70           1
        SFR25            00C80-00CEF              70           1
        SFR26            00D00-00D6F              70           1
        SFR27            00D80-00DEF              70           1
        SFR28            00E00-00E6F              70           1
        SFR29            00E80-00EEF              70           1
        SFR3             00180-0019F              20           1
        SFR30            00F00-00F6F              70           1
        SFR31            00F80-00FEF              70           1
        SFR4             00200-0021F              20           1
        SFR5             00280-0029F              20           1
        SFR6             00300-0031F              20           1
        SFR7             00380-0039F              20           1
        SFR8             00400-0041F              20           1
        SFR9             00480-0049F              20           1
        STACK            0203F-022EC             2AE           1
        STRCODE          00004-00032              2F           2
                         00800-01FFF            1800
        STRING           00004-00032              2F           2
                         00800-01FFF             100

                                  Symbol Table

?_ADCC_GetSingleConversion         cstackCOMMON 00070
?___lwdiv                          cstackCOMMON 00074
?___lwmod                          cstackCOMMON 00074
?___wmul                           cstackCOMMON 00070
ADCC_GetSingleConversion@channel   cstackCOMMON 00073
_ADACCH                            (abs)        00091
_ADACCL                            (abs)        00090
_ADACQ                             (abs)        0009D
_ADACT                             (abs)        00099
_ADCAP                             (abs)        0009B
_ADCC_GetSingleConversion          text10       0005C
_ADCC_Initialize                   text9        0006C
_ADCLK                             (abs)        00098
_ADCNT                             (abs)        0010C
_ADCON0                            (abs)        00093
_ADCON0bits                        (abs)        00093
_ADCON1                            (abs)        00094
_ADCON1bits                        (abs)        00094
_ADCON2                            (abs)        00095
_ADCON2bits                        (abs)        00095
_ADCON3                            (abs)        00096
_ADCON3bits                        (abs)        00096
_ADERRH                            (abs)        00117
_ADERRL                            (abs)        00116
_ADFLTRH                           (abs)        00115
_ADFLTRL                           (abs)        00114
_ADLTHH                            (abs)        0010F
_ADLTHL                            (abs)        0010E
_ADPCH                             (abs)        0009E
_ADPRE                             (abs)        0009C
_ADPREVH                           (abs)        0008F
_ADPREVL                           (abs)        0008E
_ADREF                             (abs)        0009A
_ADRESH                            (abs)        0008D
_ADRESL                            (abs)        0008C
_ADRPT                             (abs)        0010D
_ADSTAT                            (abs)        00097
_ADSTATbits                        (abs)        00097
_ADSTPTH                           (abs)        00113
_ADSTPTL                           (abs)        00112
_ADUTHH                            (abs)        00111
_ADUTHL                            (abs)        00110
_ANSELA                            (abs)        00F38
_ANSELB                            (abs)        00F43
_ANSELC                            (abs)        00F4E
_LATA                              (abs)        00016
_LATAbits                          (abs)        00016
_LATB                              (abs)        00017
_LATBbits                          (abs)        00017
_LATC                              (abs)        00018
_LATCbits                          (abs)        00018
_ODCONA                            (abs)        00F3A
_ODCONB                            (abs)        00F45
_ODCONC                            (abs)        00F50
_OSCCON1                           (abs)        0088D
_OSCCON3                           (abs)        0088F
_OSCEN                             (abs)        00891
_OSCFRQ                            (abs)        00893
_OSCILLATOR_Initialize             text8        0003B
_OSCTUNE                           (abs)        00892
_PIN_MANAGER_Initialize            text7        000B5
_PMD0                              (abs)        00796
_PMD1                              (abs)        00797
_PMD2                              (abs)        00798
_PMD3                              (abs)        00799
_PMD4                              (abs)        0079A
_PMD5                              (abs)        0079B
_PMD_Initialize                    text6        00033
_PORTAbits                         (abs)        0000C
_SLRCONA                           (abs)        00F3B
_SLRCONB                           (abs)        00F46
_SLRCONC                           (abs)        00F51
_SYSTEM_Initialize                 text5        00044
_TRISA                             (abs)        00011
_TRISB                             (abs)        00012
_TRISC                             (abs)        00013
_WPUA                              (abs)        00F39
_WPUB                              (abs)        00F44
_WPUC                              (abs)        00F4F
_WPUE                              (abs)        00F65
__CFG_BOREN$ON                     (abs)        00000
__CFG_BORV$LO                      (abs)        00000
__CFG_CLKOUTEN$OFF                 (abs)        00000
__CFG_CP$OFF                       (abs)        00000
__CFG_CPD$OFF                      (abs)        00000
__CFG_CSWEN$ON                     (abs)        00000
__CFG_DEBUG$OFF                    (abs)        00000
__CFG_FCMEN$ON                     (abs)        00000
__CFG_FEXTOSC$OFF                  (abs)        00000
__CFG_LPBOREN$OFF                  (abs)        00000
__CFG_LVP$ON                       (abs)        00000
__CFG_MCLRE$ON                     (abs)        00000
__CFG_PPS1WAY$ON                   (abs)        00000
__CFG_PWRTE$OFF                    (abs)        00000
__CFG_RSTOSC$HFINT1                (abs)        00000
__CFG_SCANE$available              (abs)        00000
__CFG_STVREN$ON                    (abs)        00000
__CFG_WDTCCS$SC                    (abs)        00000
__CFG_WDTCPS$WDTCPS_31             (abs)        00000
__CFG_WDTCWS$WDTCWS_7              (abs)        00000
__CFG_WDTE$OFF                     (abs)        00000
__CFG_WRT$OFF                      (abs)        00000
__CFG_ZCD$OFF                      (abs)        00000
__Habs1                            abs1         00000
__Hbank0                           bank0        00000
__Hbank1                           bank1        00000
__Hbank10                          bank10       00000
__Hbank11                          bank11       00000
__Hbank12                          bank12       00000
__Hbank13                          bank13       00000
__Hbank14                          bank14       00000
__Hbank15                          bank15       00000
__Hbank16                          bank16       00000
__Hbank17                          bank17       00000
__Hbank18                          bank18       00000
__Hbank19                          bank19       00000
__Hbank2                           bank2        00000
__Hbank20                          bank20       00000
__Hbank21                          bank21       00000
__Hbank22                          bank22       00000
__Hbank23                          bank23       00000
__Hbank24                          bank24       00000
__Hbank25                          bank25       00000
__Hbank26                          bank26       00000
__Hbank27                          bank27       00000
__Hbank28                          bank28       00000
__Hbank29                          bank29       00000
__Hbank3                           bank3        00000
__Hbank30                          bank30       00000
__Hbank31                          bank31       00000
__Hbank4                           bank4        00000
__Hbank5                           bank5        00000
__Hbank6                           bank6        00000
__Hbank7                           bank7        00000
__Hbank8                           bank8        00000
__Hbank9                           bank9        00000
__Hbigram                          bigram       00000
__Hcinit                           cinit        00800
__Hclrtext                         clrtext      00000
__Hcode                            code         00000
__Hcommon                          common       00000
__Hconfig                          config       0800C
__HcstackBANK0                     cstackBANK0  00000
__HcstackCOMMON                    cstackCOMMON 00000
__HdataBANK0                       dataBANK0    00000
__Heeprom_data                     eeprom_data  00000
__Hend_init                        end_init     00004
__Hfunctab                         functab      00000
__HidataBANK0                      idataBANK0   00000
__HidataBIGRAM                     idataBIGRAM  00000
__Hidloc                           idloc        00000
__Hinit                            init         00002
__Hinittext                        inittext     00000
__Hintentry                        intentry     00002
__Hmaintext                        maintext     00000
__Hpowerup                         powerup      00000
__Hram                             ram          00000
__Hreset_vec                       reset_vec    00002
__Hsfr0                            sfr0         00000
__Hsfr1                            sfr1         00000
__Hsfr10                           sfr10        00000
__Hsfr11                           sfr11        00000
__Hsfr12                           sfr12        00000
__Hsfr13                           sfr13        00000
__Hsfr14                           sfr14        00000
__Hsfr15                           sfr15        00000
__Hsfr16                           sfr16        00000
__Hsfr17                           sfr17        00000
__Hsfr18                           sfr18        00000
__Hsfr19                           sfr19        00000
__Hsfr2                            sfr2         00000
__Hsfr20                           sfr20        00000
__Hsfr21                           sfr21        00000
__Hsfr22                           sfr22        00000
__Hsfr23                           sfr23        00000
__Hsfr24                           sfr24        00000
__Hsfr25                           sfr25        00000
__Hsfr26                           sfr26        00000
__Hsfr27                           sfr27        00000
__Hsfr28                           sfr28        00000
__Hsfr29                           sfr29        00000
__Hsfr3                            sfr3         00000
__Hsfr30                           sfr30        00000
__Hsfr31                           sfr31        00000
__Hsfr4                            sfr4         00000
__Hsfr5                            sfr5         00000
__Hsfr6                            sfr6         00000
__Hsfr7                            sfr7         00000
__Hsfr8                            sfr8         00000
__Hsfr9                            sfr9         00000
__Hspace_0                         (abs)        0800C
__Hspace_1                         (abs)        0007D
__Hspace_2                         (abs)        00000
__Hspace_3                         (abs)        00000
__Hstack                           stack        00000
__Hstrings                         strings      00000
__Htext                            text         00000
__Labs1                            abs1         00000
__Lbank0                           bank0        00000
__Lbank1                           bank1        00000
__Lbank10                          bank10       00000
__Lbank11                          bank11       00000
__Lbank12                          bank12       00000
__Lbank13                          bank13       00000
__Lbank14                          bank14       00000
__Lbank15                          bank15       00000
__Lbank16                          bank16       00000
__Lbank17                          bank17       00000
__Lbank18                          bank18       00000
__Lbank19                          bank19       00000
__Lbank2                           bank2        00000
__Lbank20                          bank20       00000
__Lbank21                          bank21       00000
__Lbank22                          bank22       00000
__Lbank23                          bank23       00000
__Lbank24                          bank24       00000
__Lbank25                          bank25       00000
__Lbank26                          bank26       00000
__Lbank27                          bank27       00000
__Lbank28                          bank28       00000
__Lbank29                          bank29       00000
__Lbank3                           bank3        00000
__Lbank30                          bank30       00000
__Lbank31                          bank31       00000
__Lbank4                           bank4        00000
__Lbank5                           bank5        00000
__Lbank6                           bank6        00000
__Lbank7                           bank7        00000
__Lbank8                           bank8        00000
__Lbank9                           bank9        00000
__Lbigram                          bigram       00000
__Lcinit                           cinit        007E2
__Lclrtext                         clrtext      00000
__Lcode                            code         00000
__Lcommon                          common       00000
__Lconfig                          config       08007
__LcstackBANK0                     cstackBANK0  00000
__LcstackCOMMON                    cstackCOMMON 00000
__LdataBANK0                       dataBANK0    00000
__Leeprom_data                     eeprom_data  00000
__Lend_init                        end_init     00002
__Lfunctab                         functab      00000
__LidataBANK0                      idataBANK0   00000
__LidataBIGRAM                     idataBIGRAM  00000
__Lidloc                           idloc        00000
__Linit                            init         00002
__Linittext                        inittext     00000
__Lintentry                        intentry     00002
__Lmaintext                        maintext     00000
__Lpowerup                         powerup      00000
__Lram                             ram          00000
__Lreset_vec                       reset_vec    00000
__Lsfr0                            sfr0         00000
__Lsfr1                            sfr1         00000
__Lsfr10                           sfr10        00000
__Lsfr11                           sfr11        00000
__Lsfr12                           sfr12        00000
__Lsfr13                           sfr13        00000
__Lsfr14                           sfr14        00000
__Lsfr15                           sfr15        00000
__Lsfr16                           sfr16        00000
__Lsfr17                           sfr17        00000
__Lsfr18                           sfr18        00000
__Lsfr19                           sfr19        00000
__Lsfr2                            sfr2         00000
__Lsfr20                           sfr20        00000
__Lsfr21                           sfr21        00000
__Lsfr22                           sfr22        00000
__Lsfr23                           sfr23        00000
__Lsfr24                           sfr24        00000
__Lsfr25                           sfr25        00000
__Lsfr26                           sfr26        00000
__Lsfr27                           sfr27        00000
__Lsfr28                           sfr28        00000
__Lsfr29                           sfr29        00000
__Lsfr3                            sfr3         00000
__Lsfr30                           sfr30        00000
__Lsfr31                           sfr31        00000
__Lsfr4                            sfr4         00000
__Lsfr5                            sfr5         00000
__Lsfr6                            sfr6         00000
__Lsfr7                            sfr7         00000
__Lsfr8                            sfr8         00000
__Lsfr9                            sfr9         00000
__Lspace_0                         (abs)        00000
__Lspace_1                         (abs)        00000
__Lspace_2                         (abs)        00000
__Lspace_3                         (abs)        00000
__Lstack                           stack        00000
__Lstrings                         strings      00000
__Ltext                            text         00000
__S0                               (abs)        0800C
__S1                               (abs)        0007D
__S2                               (abs)        00000
__S3                               (abs)        00000
___int_sp                          stack        00000
___latbits                         (abs)        00002
___lwdiv                           text4        00100
___lwdiv@counter                   cstackCOMMON 0007B
___lwdiv@dividend                  cstackCOMMON 00076
___lwdiv@divisor                   cstackCOMMON 00074
___lwdiv@quotient                  cstackCOMMON 00079
___lwmod                           text3        000D4
___lwmod@counter                   cstackCOMMON 00079
___lwmod@dividend                  cstackCOMMON 00076
___lwmod@divisor                   cstackCOMMON 00074
___sp                              stack        00000
___stackhi                         (abs)        022EC
___stacklo                         (abs)        0203F
___wmul                            text2        0009A
___wmul@multiplicand               cstackCOMMON 00072
___wmul@multiplier                 cstackCOMMON 00070
___wmul@product                    cstackCOMMON 00074
__end_of_ADCC_GetSingleConversion  text10       0006C
__end_of_ADCC_Initialize           text9        00082
__end_of_OSCILLATOR_Initialize     text8        00044
__end_of_PIN_MANAGER_Initialize    text7        000D4
__end_of_PMD_Initialize            text6        0003B
__end_of_SYSTEM_Initialize         text5        00050
__end_of___lwdiv                   text4        00134
__end_of___lwmod                   text3        00100
__end_of___wmul                    text2        000B5
__end_of__initialization           cinit        007FD
__end_of_digitShow                 text1        001AA
__end_of_main                      maintext     007E2
__initialization                   cinit        007E2
__pcstackBANK0                     cstackBANK0  00020
__pcstackCOMMON                    cstackCOMMON 00070
__pdataBANK0                       dataBANK0    00047
__pdataBIGRAM                      (abs)        022ED
__pidataBANK0                      idataBANK0   00082
__pidataBIGRAM                     idataBIGRAM  001AA
__pmaintext                        maintext     002AD
__ptext1                           text1        00134
__ptext10                          text10       0005C
__ptext2                           text2        0009A
__ptext3                           text3        000D4
__ptext4                           text4        00100
__ptext5                           text5        00044
__ptext6                           text6        00033
__ptext7                           text7        000B5
__ptext8                           text8        0003B
__ptext9                           text9        0006C
__size_of_ADCC_GetSingleConversion (abs)        00000
__size_of_ADCC_Initialize          (abs)        00000
__size_of_OSCILLATOR_Initialize    (abs)        00000
__size_of_PIN_MANAGER_Initialize   (abs)        00000
__size_of_PMD_Initialize           (abs)        00000
__size_of_SYSTEM_Initialize        (abs)        00000
__size_of___lwdiv                  (abs)        00000
__size_of___lwmod                  (abs)        00000
__size_of___wmul                   (abs)        00000
__size_of_digitShow                (abs)        00000
__size_of_main                     (abs)        00000
_deny                              dataBANK0    0004F
_digitShow                         text1        00134
_entr                              dataBANK0    00057
_lock__                            dataBANK0    0004B
_main                              maintext     002AD
_matrix_word                       (abs)        022ED
_new                               dataBANK0    00047
_open                              dataBANK0    00053
_set                               dataBANK0    0005B
btemp                              (abs)        0007E
digitShow@p                        cstackCOMMON 0007B
digitShow@value                    cstackCOMMON 0007A
end_of_initialization              cinit        007FD
init_ram                           inittext     00050
intlevel0                          functab      00000
intlevel1                          functab      00000
intlevel2                          functab      00000
intlevel3                          functab      00000
intlevel4                          functab      00000
intlevel5                          functab      00000
main@btn_count                     cstackBANK0  00043
main@deny_btn                      cstackBANK0  00033
main@digit                         cstackBANK0  0003B
main@digit__                       cstackBANK0  00035
main@digit_tmp                     cstackBANK0  00027
main@entr_btn                      cstackBANK0  0002F
main@last__                        cstackBANK0  00036
main@lock                          cstackBANK0  00039
main@lock_display                  cstackBANK0  00025
main@new_display                   cstackBANK0  00023
main@open_btn                      cstackBANK0  00031
main@prgm_count                    cstackBANK0  00045
main@set_btn                       cstackBANK0  00037
main@zero                          cstackBANK0  00022
reset_vec                          reset_vec    00000
start                              init         00002
start_initialization               cinit        007E2
wtemp0                             (abs)        0007E


FUNCTION INFORMATION:

 *************** function _main *****************
 Defined at:
		line 71 in file "main.c"
 Parameters:    Size  Location     Type
		None
 Auto vars:     Size  Location     Type
  digit           8   27[BANK0 ] int [4]
  digit_tmp       8    7[BANK0 ] int [4]
  prgm_count      2   37[BANK0 ] int 
  btn_count       2   35[BANK0 ] int 
  lock            2   25[BANK0 ] int 
  set_btn         2   23[BANK0 ] int 
  deny_btn        2   19[BANK0 ] int 
  open_btn        2   17[BANK0 ] int 
  entr_btn        2   15[BANK0 ] int 
  lock_display    2    5[BANK0 ] int 
  new_display     2    3[BANK0 ] int 
  last__          1   22[BANK0 ] unsigned char 
  digit__         1   21[BANK0 ] unsigned char 
  zero            1    2[BANK0 ] unsigned char 
 Return value:  Size  Location     Type
                  1    wreg      void 
 Registers used:
		wreg, fsr1l, fsr1h, status,2, status,0, pclath, cstack
 Tracked objects:
		On entry : 
		On exit  : 
		Unchanged: 
 Data sizes:     COMMON   BANK0   BANK1   BANK2   BANK3   BANK4   BANK5   BANK6   BANK7   BANK8   BANK9  BANK10  BANK11  BANK12
      Params:         0       0       0       0       0       0       0       0       0       0       0       0       0       0
      Locals:         0      37       0       0       0       0       0       0       0       0       0       0       0       0
      Temps:          0       2       0       0       0       0       0       0       0       0       0       0       0       0
      Totals:         0      39       0       0       0       0       0       0       0       0       0       0       0       0
Total ram usage:       39 bytes
 Hardware stack levels required when called:    2
 This function calls:
		_ADCC_GetSingleConversion
		_SYSTEM_Initialize
		___lwdiv
		___lwmod
		_digitShow
 This function is called by:
		Startup code after reset
 This function uses a non-reentrant model


 *************** function _digitShow *****************
 Defined at:
		line 56 in file "main.c"
 Parameters:    Size  Location     Type
  value           1    wreg     unsigned char 
 Auto vars:     Size  Location     Type
  value           1   10[COMMON] unsigned char 
  p               2   11[COMMON] PTR unsigned char 
		 -> matrix_word(259), 
 Return value:  Size  Location     Type
                  1    wreg      void 
 Registers used:
		wreg, fsr1l, fsr1h, status,2, status,0, pclath, cstack
 Tracked objects:
		On entry : 
		On exit  : 
		Unchanged: 
 Data sizes:     COMMON   BANK0   BANK1   BANK2   BANK3   BANK4   BANK5   BANK6   BANK7   BANK8   BANK9  BANK10  BANK11  BANK12
      Params:         0       0       0       0       0       0       0       0       0       0       0       0       0       0
      Locals:         3       0       0       0       0       0       0       0       0       0       0       0       0       0
      Temps:          4       0       0       0       0       0       0       0       0       0       0       0       0       0
      Totals:         7       0       0       0       0       0       0       0       0       0       0       0       0       0
Total ram usage:        7 bytes
 Hardware stack levels used:    1
 Hardware stack levels required when called:    1
 This function calls:
		___wmul
 This function is called by:
		_main
 This function uses a non-reentrant model


 *************** function ___wmul *****************
 Defined at:
		line 15 in file "C:\Program Files (x86)\Microchip\xc8\v2.05\pic\sources\c99\common\Umul16.c"
 Parameters:    Size  Location     Type
  multiplier      2    0[COMMON] unsigned int 
  multiplicand    2    2[COMMON] unsigned int 
 Auto vars:     Size  Location     Type
  product         2    4[COMMON] unsigned int 
 Return value:  Size  Location     Type
                  2    0[COMMON] unsigned int 
 Registers used:
		wreg, status,2, status,0
 Tracked objects:
		On entry : 
		On exit  : 
		Unchanged: 
 Data sizes:     COMMON   BANK0   BANK1   BANK2   BANK3   BANK4   BANK5   BANK6   BANK7   BANK8   BANK9  BANK10  BANK11  BANK12
      Params:         4       0       0       0       0       0       0       0       0       0       0       0       0       0
      Locals:         2       0       0       0       0       0       0       0       0       0       0       0       0       0
      Temps:          0       0       0       0       0       0       0       0       0       0       0       0       0       0
      Totals:         6       0       0       0       0       0       0       0       0       0       0       0       0       0
Total ram usage:        6 bytes
 Hardware stack levels used:    1
 This function calls:
		Nothing
 This function is called by:
		_digitShow
 This function uses a non-reentrant model


 *************** function ___lwmod *****************
 Defined at:
		line 5 in file "C:\Program Files (x86)\Microchip\xc8\v2.05\pic\sources\c99\common\lwmod.c"
 Parameters:    Size  Location     Type
  divisor         2    4[COMMON] unsigned int 
  dividend        2    6[COMMON] unsigned int 
 Auto vars:     Size  Location     Type
  counter         1    9[COMMON] unsigned char 
 Return value:  Size  Location     Type
                  2    4[COMMON] unsigned int 
 Registers used:
		wreg, status,2, status,0
 Tracked objects:
		On entry : 
		On exit  : 
		Unchanged: 
 Data sizes:     COMMON   BANK0   BANK1   BANK2   BANK3   BANK4   BANK5   BANK6   BANK7   BANK8   BANK9  BANK10  BANK11  BANK12
      Params:         4       0       0       0       0       0       0       0       0       0       0       0       0       0
      Locals:         1       0       0       0       0       0       0       0       0       0       0       0       0       0
      Temps:          1       0       0       0       0       0       0       0       0       0       0       0       0       0
      Totals:         6       0       0       0       0       0       0       0       0       0       0       0       0       0
Total ram usage:        6 bytes
 Hardware stack levels used:    1
 This function calls:
		Nothing
 This function is called by:
		_main
 This function uses a non-reentrant model


 *************** function ___lwdiv *****************
 Defined at:
		line 5 in file "C:\Program Files (x86)\Microchip\xc8\v2.05\pic\sources\c99\common\lwdiv.c"
 Parameters:    Size  Location     Type
  divisor         2    4[COMMON] unsigned int 
  dividend        2    6[COMMON] unsigned int 
 Auto vars:     Size  Location     Type
  quotient        2    9[COMMON] unsigned int 
  counter         1   11[COMMON] unsigned char 
 Return value:  Size  Location     Type
                  2    4[COMMON] unsigned int 
 Registers used:
		wreg, status,2, status,0
 Tracked objects:
		On entry : 
		On exit  : 
		Unchanged: 
 Data sizes:     COMMON   BANK0   BANK1   BANK2   BANK3   BANK4   BANK5   BANK6   BANK7   BANK8   BANK9  BANK10  BANK11  BANK12
      Params:         4       0       0       0       0       0       0       0       0       0       0       0       0       0
      Locals:         3       0       0       0       0       0       0       0       0       0       0       0       0       0
      Temps:          1       0       0       0       0       0       0       0       0       0       0       0       0       0
      Totals:         8       0       0       0       0       0       0       0       0       0       0       0       0       0
Total ram usage:        8 bytes
 Hardware stack levels used:    1
 This function calls:
		Nothing
 This function is called by:
		_main
 This function uses a non-reentrant model


 *************** function _SYSTEM_Initialize *****************
 Defined at:
		line 50 in file "mcc_generated_files/mcc.c"
 Parameters:    Size  Location     Type
		None
 Auto vars:     Size  Location     Type
		None
 Return value:  Size  Location     Type
                  1    wreg      void 
 Registers used:
		wreg, status,2, status,0, pclath, cstack
 Tracked objects:
		On entry : 
		On exit  : 
		Unchanged: 
 Data sizes:     COMMON   BANK0   BANK1   BANK2   BANK3   BANK4   BANK5   BANK6   BANK7   BANK8   BANK9  BANK10  BANK11  BANK12
      Params:         0       0       0       0       0       0       0       0       0       0       0       0       0       0
      Locals:         0       0       0       0       0       0       0       0       0       0       0       0       0       0
      Temps:          0       0       0       0       0       0       0       0       0       0       0       0       0       0
      Totals:         0       0       0       0       0       0       0       0       0       0       0       0       0       0
Total ram usage:        0 bytes
 Hardware stack levels used:    1
 Hardware stack levels required when called:    1
 This function calls:
		_ADCC_Initialize
		_OSCILLATOR_Initialize
		_PIN_MANAGER_Initialize
		_PMD_Initialize
 This function is called by:
		_main
 This function uses a non-reentrant model


 *************** function _PMD_Initialize *****************
 Defined at:
		line 72 in file "mcc_generated_files/mcc.c"
 Parameters:    Size  Location     Type
		None
 Auto vars:     Size  Location     Type
		None
 Return value:  Size  Location     Type
                  1    wreg      void 
 Registers used:
		status,2
 Tracked objects:
		On entry : 
		On exit  : 
		Unchanged: 
 Data sizes:     COMMON   BANK0   BANK1   BANK2   BANK3   BANK4   BANK5   BANK6   BANK7   BANK8   BANK9  BANK10  BANK11  BANK12
      Params:         0       0       0       0       0       0       0       0       0       0       0       0       0       0
      Locals:         0       0       0       0       0       0       0       0       0       0       0       0       0       0
      Temps:          0       0       0       0       0       0       0       0       0       0       0       0       0       0
      Totals:         0       0       0       0       0       0       0       0       0       0       0       0       0       0
Total ram usage:        0 bytes
 Hardware stack levels used:    1
 This function calls:
		Nothing
 This function is called by:
		_SYSTEM_Initialize
 This function uses a non-reentrant model


 *************** function _PIN_MANAGER_Initialize *****************
 Defined at:
		line 55 in file "mcc_generated_files/pin_manager.c"
 Parameters:    Size  Location     Type
		None
 Auto vars:     Size  Location     Type
		None
 Return value:  Size  Location     Type
                  1    wreg      void 
 Registers used:
		wreg, status,2
 Tracked objects:
		On entry : 
		On exit  : 
		Unchanged: 
 Data sizes:     COMMON   BANK0   BANK1   BANK2   BANK3   BANK4   BANK5   BANK6   BANK7   BANK8   BANK9  BANK10  BANK11  BANK12
      Params:         0       0       0       0       0       0       0       0       0       0       0       0       0       0
      Locals:         0       0       0       0       0       0       0       0       0       0       0       0       0       0
      Temps:          0       0       0       0       0       0       0       0       0       0       0       0       0       0
      Totals:         0       0       0       0       0       0       0       0       0       0       0       0       0       0
Total ram usage:        0 bytes
 Hardware stack levels used:    1
 This function calls:
		Nothing
 This function is called by:
		_SYSTEM_Initialize
 This function uses a non-reentrant model


 *************** function _OSCILLATOR_Initialize *****************
 Defined at:
		line 58 in file "mcc_generated_files/mcc.c"
 Parameters:    Size  Location     Type
		None
 Auto vars:     Size  Location     Type
		None
 Return value:  Size  Location     Type
                  1    wreg      void 
 Registers used:
		wreg, status,2
 Tracked objects:
		On entry : 
		On exit  : 
		Unchanged: 
 Data sizes:     COMMON   BANK0   BANK1   BANK2   BANK3   BANK4   BANK5   BANK6   BANK7   BANK8   BANK9  BANK10  BANK11  BANK12
      Params:         0       0       0       0       0       0       0       0       0       0       0       0       0       0
      Locals:         0       0       0       0       0       0       0       0       0       0       0       0       0       0
      Temps:          0       0       0       0       0       0       0       0       0       0       0       0       0       0
      Totals:         0       0       0       0       0       0       0       0       0       0       0       0       0       0
Total ram usage:        0 bytes
 Hardware stack levels used:    1
 This function calls:
		Nothing
 This function is called by:
		_SYSTEM_Initialize
 This function uses a non-reentrant model


 *************** function _ADCC_Initialize *****************
 Defined at:
		line 63 in file "mcc_generated_files/adcc.c"
 Parameters:    Size  Location     Type
		None
 Auto vars:     Size  Location     Type
		None
 Return value:  Size  Location     Type
                  1    wreg      void 
 Registers used:
		wreg, status,2
 Tracked objects:
		On entry : 
		On exit  : 
		Unchanged: 
 Data sizes:     COMMON   BANK0   BANK1   BANK2   BANK3   BANK4   BANK5   BANK6   BANK7   BANK8   BANK9  BANK10  BANK11  BANK12
      Params:         0       0       0       0       0       0       0       0       0       0       0       0       0       0
      Locals:         0       0       0       0       0       0       0       0       0       0       0       0       0       0
      Temps:          0       0       0       0       0       0       0       0       0       0       0       0       0       0
      Totals:         0       0       0       0       0       0       0       0       0       0       0       0       0       0
Total ram usage:        0 bytes
 Hardware stack levels used:    1
 This function calls:
		Nothing
 This function is called by:
		_SYSTEM_Initialize
 This function uses a non-reentrant model


 *************** function _ADCC_GetSingleConversion *****************
 Defined at:
		line 130 in file "mcc_generated_files/adcc.c"
 Parameters:    Size  Location     Type
  channel         1    wreg     enum E11724
 Auto vars:     Size  Location     Type
  channel         1    3[COMMON] enum E11724
 Return value:  Size  Location     Type
                  2    0[COMMON] unsigned short 
 Registers used:
		wreg
 Tracked objects:
		On entry : 
		On exit  : 
		Unchanged: 
 Data sizes:     COMMON   BANK0   BANK1   BANK2   BANK3   BANK4   BANK5   BANK6   BANK7   BANK8   BANK9  BANK10  BANK11  BANK12
      Params:         3       0       0       0       0       0       0       0       0       0       0       0       0       0
      Locals:         1       0       0       0       0       0       0       0       0       0       0       0       0       0
      Temps:          0       0       0       0       0       0       0       0       0       0       0       0       0       0
      Totals:         4       0       0       0       0       0       0       0       0       0       0       0       0       0
Total ram usage:        4 bytes
 Hardware stack levels used:    1
 This function calls:
		Nothing
 This function is called by:
		_main
 This function uses a non-reentrant model



MODULE INFORMATION

Module		Function		Class		Link	Load	Size
C:\Program Files (x86)\Microchip\xc8\v2.05\pic\sources\c99\common\lwmod.c
		___lwmod       		CODE           	00D4	0000	45

C:\Program Files (x86)\Microchip\xc8\v2.05\pic\sources\c99\common\lwmod.c estimated size: 45

mcc_generated_files/pin_manager.c
		_PIN_MANAGER_Initialize		CODE           	00B5	0000	32

mcc_generated_files/pin_manager.c estimated size: 32

C:\Program Files (x86)\Microchip\xc8\v2.05\pic\sources\c99\common\lwdiv.c
		___lwdiv       		CODE           	0100	0000	53

C:\Program Files (x86)\Microchip\xc8\v2.05\pic\sources\c99\common\lwdiv.c estimated size: 53

shared
		__initialization		CODE           	07E2	0000	28

shared estimated size: 28

mcc_generated_files/mcc.c
		_PMD_Initialize		CODE           	0033	0000	9
		_OSCILLATOR_Initialize		CODE           	003B	0000	10
		_SYSTEM_Initialize		CODE           	0044	0000	13

mcc_generated_files/mcc.c estimated size: 32

C:\Program Files (x86)\Microchip\xc8\v2.05\pic\sources\c99\common\Umul16.c
		___wmul        		CODE           	009A	0000	28

C:\Program Files (x86)\Microchip\xc8\v2.05\pic\sources\c99\common\Umul16.c estimated size: 28

mcc_generated_files/adcc.c
		_ADCC_GetSingleConversion		CODE           	005C	0000	17
		_ADCC_Initialize		CODE           	006C	0000	23

mcc_generated_files/adcc.c estimated size: 40

main.c
		_main          		CODE           	02AD	0000	1334
		_digitShow     		CODE           	0134	0000	119

main.c estimated size: 1453

